// Jest Snapshot v1, https://goo.gl/fbAQLP

exports[`SingleArrow renders correctly 1`] = `
<div
  className="single-arrow"
>
  &gt;
</div>
`;
