// Jest Snapshot v1, https://goo.gl/fbAQLP

exports[`DoubleArrow renders correctly 1`] = `
<div
  className="double-arrow"
>
  &gt;&gt;
</div>
`;
